Command: C:\Espressif\tools\python\release-v5.5\venv\Scripts\python.exe C:\esp\release-v5.5\esp-idf\tools/idf_monitor.py -p COM8 -b 115200 --toolchain-prefix xtensa-esp32-elf- --target esp32 --revision 0 C:\Users\rfink\Documents\ESP-IDF\AlarmClockv3\build\Alarm_Clock_v3.elf C:\Users\rfink\Documents\ESP-IDF\AlarmClockv3\build\bootloader\bootloader.elf --force-color -m 'C:\Espressif\tools\python\release-v5.5\venv\Scripts\python.exe' 'C:\esp\release-v5.5\esp-idf\tools\idf.py'
ets Jul 29 2019 12:21:46

rst:0x1 (POWERON_RESET),boot:0x13 (SPI_FAST_FLASH_BOOT)
configsip: 0, SPIWP:0xee
clk_drv:0x00,q_drv:0x00,d_drv:0x00,cs0_drv:0x00,hd_drv:0x00,wp_drv:0x00�ets Jul 29 2019 12:21:46

rst:0x1 (POWERON_RESET),boot:0x13 (SPI_FAST_FLASH_BOOT)
configsip: 0, SPIWP:0xee
clk_drv:0x00,q_drv:0x00,d_drv:0x00,cs0_drv:0x00,hd_drv:0x00,wp_drv:0x00
mode:DIO, clock div:2
load:0x3fff0030,len:6280
load:0x40078000,len:15864
load:0x40080400,len:3920
entry 0x40080644
[0;32mI (27) boot: ESP-IDF -128-NOTFOUND 2nd stage bootloader[0m
[0;32mI (27) boot: compile time May 18 2026 11:54:34[0m
[0;32mI (28) boot: Multicore bootloader[0m
[0;32mI (29) boot: chip revision: v3.1[0m
[0;32mI (32) boot.esp32: SPI Speed      : 40MHz[0m
[0;32mI (36) boot.esp32: SPI Mode       : DIO[0m
[0;32mI (39) boot.esp32: SPI Flash Size : 4MB[0m
[0;32mI (43) boot: Enabling RNG early entropy source...[0m
[0;32mI (47) boot: Partition Table:[0m
[0;32mI (50) boot: ## Label            Usage          Type ST Offset   Length[0m
[0;32mI (56) boot:  0 nvs              WiFi data        01 02 00009000 00006000[0m
[0;32mI (63) boot:  1 phy_init         RF data          01 01 0000f000 00001000[0m
[0;32mI (69) boot:  2 factory          factory app      00 00 00010000 00100000[0m
[0;32mI (76) boot: End of partition table[0m
[0;32mI (79) esp_image: segment 0: paddr=00010020 vaddr=3f400020 size=0a9f8h ( 43512) map[0m
[0;32mI (102) esp_image: segment 1: paddr=0001aa20 vaddr=3ffb0000 size=02834h ( 10292) load[0m
[0;32mI (106) esp_image: segment 2: paddr=0001d25c vaddr=40080000 size=02dbch ( 11708) load[0m
[0;32mI (111) esp_image: segment 3: paddr=00020020 vaddr=400d0020 size=13b58h ( 80728) map[0m
[0;32mI (141) esp_image: segment 4: paddr=00033b80 vaddr=40082dbc size=0a528h ( 42280) load[0m
[0;32mI (157) esp_image: segment 5: paddr=0003e0b0 vaddr=50000000 size=00020h (    32) load[0m
[0;32mI (164) boot: Loaded app from partition at offset 0x10000[0m
[0;32mI (164) boot: Disabling RNG early entropy source...[0m
[0;32mI (175) cpu_start: Multicore app[0m
[0;32mI (184) cpu_start: GPIO 3 and 1 are used as console UART I/O pins[0m
[0;32mI (184) cpu_start: Pro cpu start user code[0m
[0;32mI (184) cpu_start: cpu freq: 160000000 Hz[0m
[0;32mI (186) app_init: Application information:[0m
[0;32mI (190) app_init: Project name:     Alarm_Clock_v3[0m
[0;32mI (194) app_init: App version:      51b9eec-dirty[0m
[0;32mI (199) app_init: Compile time:     May 19 2026 16:25:42[0m
[0;32mI (204) app_init: ELF file SHA256:  723993847...[0m
[0;32mI (208) app_init: ESP-IDF:          -128-NOTFOUND[0m
[0;32mI (212) efuse_init: Min chip rev:     v0.0[0m
[0;32mI (216) efuse_init: Max chip rev:     v3.99 [0m
[0;32mI (220) efuse_init: Chip rev:         v3.1[0m
[0;32mI (224) heap_init: Initializing. RAM available for dynamic allocation:[0m
[0;32mI (230) heap_init: At 3FFAE6E0 len 00001920 (6 KiB): DRAM[0m
[0;32mI (235) heap_init: At 3FFB3138 len 0002CEC8 (179 KiB): DRAM[0m
[0;32mI (241) heap_init: At 3FFE0440 len 00003AE0 (14 KiB): D/IRAM[0m
[0;32mI (246) heap_init: At 3FFE4350 len 0001BCB0 (111 KiB): D/IRAM[0m
[0;32mI (252) heap_init: At 4008D2E4 len 00012D1C (75 KiB): IRAM[0m
[0;32mI (258) spi_flash: detected chip: generic[0m
[0;32mI (260) spi_flash: flash io: dio[0m
[0;32mI (264) main_task: Started on CPU0[0m
[0;32mI (274) main_task: Calling app_main()[0m
[0;32mI (274) songs: install pcnt unit[0m
[0;32mI (274) songs: set glitch filter[0m
[0;32mI (274) songs: install pcnt channels[0m
[0;32mI (274) songs: set edge and level actions for pcnt channels[0m
[0;32mI (284) songs: enable pcnt unit[0m
[0;32mI (284) songs: clear pcnt unit[0m
[0;32mI (284) songs: start pcnt unit[0m
[0;32mI (294) alarm: install pcnt unit[0m
[0;32mI (294) alarm: set glitch filter[0m
[0;32mI (294) alarm: install pcnt channels[0m
[0;32mI (304) alarm: set edge and level actions for pcnt channels[0m
[0;32mI (304) alarm: enable pcnt unit[0m
[0;32mI (304) alarm: clear pcnt unit[0m
[0;32mI (314) alarm: start pcnt unit[0m
[0;32mI (314) songs: Pulse count: 0 direction: 0 index: 0[0m
[0;32mI (614) songs: Pulse count: 0 direction: 0 index: 0[0m
[0;32mI (914) songs: Pulse count: 0 direction: 0 index: 0[0m
[0;32mI (1214) songs: Pulse count: 0 direction: 0 index: 0[0m
[0;32mI (1514) songs: Pulse count: 0 direction: 0 index: 0[0m
[0;32mI (1814) songs: Pulse count: 0 direction: 0 index: 0[0m
[0;32mI (2114) songs: Pulse count: 1 direction: 0 index: 0[0m
[0;32mI (2414) songs: Pulse count: 4 direction: 1 index: 1[0m
[0;32mI (2714) songs: Pulse count: 4 direction: 0 index: 2[0m
[0;32mI (3014) songs: Pulse count: 4 direction: 0 index: 3[0m
[0;32mI (3314) songs: Pulse count: 4 direction: 0 index: 4[0m
[0;32mI (3614) songs: Pulse count: 8 direction: 1 index: 6[0m
[0;32mI (3914) songs: Pulse count: 12 direction: 1 index: 9[0m
[0;32mI (4214) songs: Pulse count: 12 direction: 0 index: 12[0m
[0;32mI (4514) songs: Pulse count: 12 direction: 0 index: 15[0m
[0;32mI (4814) songs: Pulse count: 12 direction: 0 index: 18[0m
[0;32mI (5114) songs: Pulse count: 12 direction: 0 index: 21[0m
[0;32mI (5414) songs: Pulse count: 12 direction: 0 index: 24[0m
[0;32mI (5714) songs: Pulse count: 12 direction: 0 index: 27[0m
[0;32mI (6014) songs: Pulse count: 12 direction: 0 index: 30[0m
[0;32mI (6314) songs: Pulse count: 12 direction: 0 index: 33[0m
[0;32mI (6614) songs: Pulse count: 12 direction: 0 index: 36[0m
[0;32mI (6914) songs: Pulse count: 12 direction: 0 index: 39[0m
